Analysis & Synthesis report for LAB1
Wed Aug 25 22:10:36 2021
Quartus Prime Version 15.1.0 Build 185 10/21/2015 SJ Lite Edition


---------------------
; Table of Contents ;
---------------------
  1. Legal Notice
  2. Analysis & Synthesis Summary
  3. Analysis & Synthesis Settings
  4. Parallel Compilation
  5. Analysis & Synthesis Source Files Read
  6. Analysis & Synthesis Resource Usage Summary
  7. Analysis & Synthesis Resource Utilization by Entity
  8. General Register Statistics
  9. Multiplexer Restructuring Statistics (Restructuring Performed)
 10. Post-Synthesis Netlist Statistics for Top Partition
 11. Elapsed Time Per Partition
 12. Analysis & Synthesis Messages



----------------
; Legal Notice ;
----------------
Copyright (C) 1991-2015 Altera Corporation. All rights reserved.
Your use of Altera Corporation's design tools, logic functions 
and other software and tools, and its AMPP partner logic 
functions, and any output files from any of the foregoing 
(including device programming or simulation files), and any 
associated documentation or information are expressly subject 
to the terms and conditions of the Altera Program License 
Subscription Agreement, the Altera Quartus Prime License Agreement,
the Altera MegaCore Function License Agreement, or other 
applicable license agreement, including, without limitation, 
that your use is for the sole purpose of programming logic 
devices manufactured by Altera and sold by Altera or its 
authorized distributors.  Please refer to the applicable 
agreement for further details.



+----------------------------------------------------------------------------------+
; Analysis & Synthesis Summary                                                     ;
+------------------------------------+---------------------------------------------+
; Analysis & Synthesis Status        ; Successful - Wed Aug 25 22:10:36 2021       ;
; Quartus Prime Version              ; 15.1.0 Build 185 10/21/2015 SJ Lite Edition ;
; Revision Name                      ; LAB1                                        ;
; Top-level Entity Name              ; pc                                          ;
; Family                             ; Cyclone IV GX                               ;
; Total logic elements               ; 62                                          ;
;     Total combinational functions  ; 62                                          ;
;     Dedicated logic registers      ; 32                                          ;
; Total registers                    ; 32                                          ;
; Total pins                         ; 68                                          ;
; Total virtual pins                 ; 0                                           ;
; Total memory bits                  ; 0                                           ;
; Embedded Multiplier 9-bit elements ; 0                                           ;
; Total GXB Receiver Channel PCS     ; 0                                           ;
; Total GXB Receiver Channel PMA     ; 0                                           ;
; Total GXB Transmitter Channel PCS  ; 0                                           ;
; Total GXB Transmitter Channel PMA  ; 0                                           ;
; Total PLLs                         ; 0                                           ;
+------------------------------------+---------------------------------------------+


+----------------------------------------------------------------------------------------------------------------------+
; Analysis & Synthesis Settings                                                                                        ;
+----------------------------------------------------------------------------+--------------------+--------------------+
; Option                                                                     ; Setting            ; Default Value      ;
+----------------------------------------------------------------------------+--------------------+--------------------+
; Top-level entity name                                                      ; pc                 ; LAB1               ;
; Family name                                                                ; Cyclone IV GX      ; Cyclone V          ;
; Use smart compilation                                                      ; Off                ; Off                ;
; Enable parallel Assembler and TimeQuest Timing Analyzer during compilation ; On                 ; On                 ;
; Enable compact report table                                                ; Off                ; Off                ;
; Restructure Multiplexers                                                   ; Auto               ; Auto               ;
; Create Debugging Nodes for IP Cores                                        ; Off                ; Off                ;
; Preserve fewer node names                                                  ; On                 ; On                 ;
; Disable OpenCore Plus hardware evaluation                                  ; Off                ; Off                ;
; Verilog Version                                                            ; Verilog_2001       ; Verilog_2001       ;
; VHDL Version                                                               ; VHDL_1993          ; VHDL_1993          ;
; State Machine Processing                                                   ; Auto               ; Auto               ;
; Safe State Machine                                                         ; Off                ; Off                ;
; Extract Verilog State Machines                                             ; On                 ; On                 ;
; Extract VHDL State Machines                                                ; On                 ; On                 ;
; Ignore Verilog initial constructs                                          ; Off                ; Off                ;
; Iteration limit for constant Verilog loops                                 ; 5000               ; 5000               ;
; Iteration limit for non-constant Verilog loops                             ; 250                ; 250                ;
; Add Pass-Through Logic to Inferred RAMs                                    ; On                 ; On                 ;
; Infer RAMs from Raw Logic                                                  ; On                 ; On                 ;
; Parallel Synthesis                                                         ; On                 ; On                 ;
; DSP Block Balancing                                                        ; Auto               ; Auto               ;
; NOT Gate Push-Back                                                         ; On                 ; On                 ;
; Power-Up Don't Care                                                        ; On                 ; On                 ;
; Remove Redundant Logic Cells                                               ; Off                ; Off                ;
; Remove Duplicate Registers                                                 ; On                 ; On                 ;
; Ignore CARRY Buffers                                                       ; Off                ; Off                ;
; Ignore CASCADE Buffers                                                     ; Off                ; Off                ;
; Ignore GLOBAL Buffers                                                      ; Off                ; Off                ;
; Ignore ROW GLOBAL Buffers                                                  ; Off                ; Off                ;
; Ignore LCELL Buffers                                                       ; Off                ; Off                ;
; Ignore SOFT Buffers                                                        ; On                 ; On                 ;
; Limit AHDL Integers to 32 Bits                                             ; Off                ; Off                ;
; Optimization Technique                                                     ; Balanced           ; Balanced           ;
; Carry Chain Length                                                         ; 70                 ; 70                 ;
; Auto Carry Chains                                                          ; On                 ; On                 ;
; Auto Open-Drain Pins                                                       ; On                 ; On                 ;
; Perform WYSIWYG Primitive Resynthesis                                      ; Off                ; Off                ;
; Auto ROM Replacement                                                       ; On                 ; On                 ;
; Auto RAM Replacement                                                       ; On                 ; On                 ;
; Auto DSP Block Replacement                                                 ; On                 ; On                 ;
; Auto Shift Register Replacement                                            ; Auto               ; Auto               ;
; Allow Shift Register Merging across Hierarchies                            ; Auto               ; Auto               ;
; Auto Clock Enable Replacement                                              ; On                 ; On                 ;
; Strict RAM Replacement                                                     ; Off                ; Off                ;
; Allow Synchronous Control Signals                                          ; On                 ; On                 ;
; Force Use of Synchronous Clear Signals                                     ; Off                ; Off                ;
; Auto RAM Block Balancing                                                   ; On                 ; On                 ;
; Auto RAM to Logic Cell Conversion                                          ; Off                ; Off                ;
; Auto Resource Sharing                                                      ; Off                ; Off                ;
; Allow Any RAM Size For Recognition                                         ; Off                ; Off                ;
; Allow Any ROM Size For Recognition                                         ; Off                ; Off                ;
; Allow Any Shift Register Size For Recognition                              ; Off                ; Off                ;
; Use LogicLock Constraints during Resource Balancing                        ; On                 ; On                 ;
; Ignore translate_off and synthesis_off directives                          ; Off                ; Off                ;
; Timing-Driven Synthesis                                                    ; On                 ; On                 ;
; Report Parameter Settings                                                  ; On                 ; On                 ;
; Report Source Assignments                                                  ; On                 ; On                 ;
; Report Connectivity Checks                                                 ; On                 ; On                 ;
; Ignore Maximum Fan-Out Assignments                                         ; Off                ; Off                ;
; Synchronization Register Chain Length                                      ; 2                  ; 2                  ;
; PowerPlay Power Optimization During Synthesis                              ; Normal compilation ; Normal compilation ;
; HDL message level                                                          ; Level2             ; Level2             ;
; Suppress Register Optimization Related Messages                            ; Off                ; Off                ;
; Number of Removed Registers Reported in Synthesis Report                   ; 5000               ; 5000               ;
; Number of Swept Nodes Reported in Synthesis Report                         ; 5000               ; 5000               ;
; Number of Inverted Registers Reported in Synthesis Report                  ; 100                ; 100                ;
; Clock MUX Protection                                                       ; On                 ; On                 ;
; Auto Gated Clock Conversion                                                ; Off                ; Off                ;
; Block Design Naming                                                        ; Auto               ; Auto               ;
; SDC constraint protection                                                  ; Off                ; Off                ;
; Synthesis Effort                                                           ; Auto               ; Auto               ;
; Shift Register Replacement - Allow Asynchronous Clear Signal               ; On                 ; On                 ;
; Pre-Mapping Resynthesis Optimization                                       ; Off                ; Off                ;
; Analysis & Synthesis Message Level                                         ; Medium             ; Medium             ;
; Disable Register Merging Across Hierarchies                                ; Auto               ; Auto               ;
; Resource Aware Inference For Block RAM                                     ; On                 ; On                 ;
; Synthesis Seed                                                             ; 1                  ; 1                  ;
+----------------------------------------------------------------------------+--------------------+--------------------+


+------------------------------------------+
; Parallel Compilation                     ;
+----------------------------+-------------+
; Processors                 ; Number      ;
+----------------------------+-------------+
; Number detected on machine ; 12          ;
; Maximum allowed            ; 6           ;
;                            ;             ;
; Average used               ; 1.00        ;
; Maximum used               ; 6           ;
;                            ;             ;
; Usage by Processor         ; % Time Used ;
;     Processor 1            ; 100.0%      ;
;     Processors 2-6         ; < 0.1%      ;
+----------------------------+-------------+


+------------------------------------------------------------------------------------------------------------------------------+
; Analysis & Synthesis Source Files Read                                                                                       ;
+----------------------------------+-----------------+-----------------+---------------------------------------------+---------+
; File Name with User-Entered Path ; Used in Netlist ; File Type       ; File Name with Absolute Path                ; Library ;
+----------------------------------+-----------------+-----------------+---------------------------------------------+---------+
; pc.vhd                           ; yes             ; User VHDL File  ; C:/Users/anike/OneDrive/Desktop/LAB1/pc.vhd ;         ;
+----------------------------------+-----------------+-----------------+---------------------------------------------+---------+


+---------------------------------------------+
; Analysis & Synthesis Resource Usage Summary ;
+--------------------------+------------------+
; Resource                 ; Usage            ;
+--------------------------+------------------+
; I/O pins                 ; 68               ;
;                          ;                  ;
; DSP block 9-bit elements ; 0                ;
;                          ;                  ;
; Maximum fan-out node     ; e~input          ;
; Maximum fan-out          ; 32               ;
; Total fan-out            ; 445              ;
; Average fan-out          ; 1.70             ;
+--------------------------+------------------+


+-----------------------------------------------------------------------------------------------------------------------------------------------------------------------------------------+
; Analysis & Synthesis Resource Utilization by Entity                                                                                                                                     ;
+----------------------------+-------------------+--------------+-------------+--------------+---------+-----------+-----------+------+--------------+---------------------+--------------+
; Compilation Hierarchy Node ; LC Combinationals ; LC Registers ; Memory Bits ; DSP Elements ; DSP 9x9 ; DSP 18x18 ; DSP 36x36 ; Pins ; Virtual Pins ; Full Hierarchy Name ; Library Name ;
+----------------------------+-------------------+--------------+-------------+--------------+---------+-----------+-----------+------+--------------+---------------------+--------------+
; |pc                        ; 62 (62)           ; 32 (32)      ; 0           ; 0            ; 0       ; 0         ; 0         ; 68   ; 0            ; |pc                 ; work         ;
+----------------------------+-------------------+--------------+-------------+--------------+---------+-----------+-----------+------+--------------+---------------------+--------------+
Note: For table entries with two numbers listed, the numbers in parentheses indicate the number of resources of the given type used by the specific entity alone. The numbers listed outside of parentheses indicate the total resources of the given type used by the specific entity and all of its sub-entities in the hierarchy.


+------------------------------------------------------+
; General Register Statistics                          ;
+----------------------------------------------+-------+
; Statistic                                    ; Value ;
+----------------------------------------------+-------+
; Total registers                              ; 32    ;
; Number of registers using Synchronous Clear  ; 0     ;
; Number of registers using Synchronous Load   ; 30    ;
; Number of registers using Asynchronous Clear ; 32    ;
; Number of registers using Asynchronous Load  ; 0     ;
; Number of registers using Clock Enable       ; 0     ;
; Number of registers using Preset             ; 0     ;
+----------------------------------------------+-------+


+------------------------------------------------------------------------------------------------------------------------------------------+
; Multiplexer Restructuring Statistics (Restructuring Performed)                                                                           ;
+--------------------+-----------+---------------+----------------------+------------------------+------------+----------------------------+
; Multiplexer Inputs ; Bus Width ; Baseline Area ; Area if Restructured ; Saving if Restructured ; Registered ; Example Multiplexer Output ;
+--------------------+-----------+---------------+----------------------+------------------------+------------+----------------------------+
; 3:1                ; 30 bits   ; 60 LEs        ; 60 LEs               ; 0 LEs                  ; Yes        ; |pc|output1[2]~reg0        ;
+--------------------+-----------+---------------+----------------------+------------------------+------------+----------------------------+


+-----------------------------------------------------+
; Post-Synthesis Netlist Statistics for Top Partition ;
+-----------------------+-----------------------------+
; Type                  ; Count                       ;
+-----------------------+-----------------------------+
; boundary_port         ; 68                          ;
; cycloneiii_ff         ; 32                          ;
;     CLR               ; 2                           ;
;     CLR SLD           ; 30                          ;
; cycloneiii_io_obuf    ; 32                          ;
; cycloneiii_lcell_comb ; 62                          ;
;     arith             ; 29                          ;
;         2 data inputs ; 29                          ;
;     normal            ; 33                          ;
;         1 data inputs ; 1                           ;
;         3 data inputs ; 30                          ;
;         4 data inputs ; 2                           ;
;                       ;                             ;
; Max LUT depth         ; 3.90                        ;
; Average LUT depth     ; 1.72                        ;
+-----------------------+-----------------------------+


+-------------------------------+
; Elapsed Time Per Partition    ;
+----------------+--------------+
; Partition Name ; Elapsed Time ;
+----------------+--------------+
; Top            ; 00:00:00     ;
+----------------+--------------+


+-------------------------------+
; Analysis & Synthesis Messages ;
+-------------------------------+
Info: *******************************************************************
Info: Running Quartus Prime Analysis & Synthesis
    Info: Version 15.1.0 Build 185 10/21/2015 SJ Lite Edition
    Info: Processing started: Wed Aug 25 22:10:26 2021
Info: Command: quartus_map --read_settings_files=on --write_settings_files=off LAB1 -c LAB1
Info (20030): Parallel compilation is enabled and will use 6 of the 6 processors detected
Info (12021): Found 2 design units, including 1 entities, in source file r32_bit.vhd
    Info (12022): Found design unit 1: R32_Bit-behav File: C:/Users/anike/OneDrive/Desktop/LAB1/R32_Bit.vhd Line: 14
    Info (12023): Found entity 1: R32_Bit File: C:/Users/anike/OneDrive/Desktop/LAB1/R32_Bit.vhd Line: 4
Info (12021): Found 2 design units, including 1 entities, in source file r1_bit.vhd
    Info (12022): Found design unit 1: R1_Bit-behav File: C:/Users/anike/OneDrive/Desktop/LAB1/R1_Bit.vhd Line: 14
    Info (12023): Found entity 1: R1_Bit File: C:/Users/anike/OneDrive/Desktop/LAB1/R1_Bit.vhd Line: 4
Info (12021): Found 2 design units, including 1 entities, in source file pc.vhd
    Info (12022): Found design unit 1: pc-behav File: C:/Users/anike/OneDrive/Desktop/LAB1/pc.vhd Line: 17
    Info (12023): Found entity 1: pc File: C:/Users/anike/OneDrive/Desktop/LAB1/pc.vhd Line: 6
Info (12127): Elaborating entity "pc" for the top level hierarchy
Warning (13034): The following nodes have both tri-state and non-tri-state drivers
    Warning (13035): Inserted always-enabled tri-state buffer between "output1[0]" and its non-tri-state driver. File: C:/Users/anike/OneDrive/Desktop/LAB1/pc.vhd Line: 21
    Warning (13035): Inserted always-enabled tri-state buffer between "output1[1]" and its non-tri-state driver. File: C:/Users/anike/OneDrive/Desktop/LAB1/pc.vhd Line: 21
    Warning (13035): Inserted always-enabled tri-state buffer between "output1[2]" and its non-tri-state driver. File: C:/Users/anike/OneDrive/Desktop/LAB1/pc.vhd Line: 21
    Warning (13035): Inserted always-enabled tri-state buffer between "output1[3]" and its non-tri-state driver. File: C:/Users/anike/OneDrive/Desktop/LAB1/pc.vhd Line: 21
    Warning (13035): Inserted always-enabled tri-state buffer between "output1[4]" and its non-tri-state driver. File: C:/Users/anike/OneDrive/Desktop/LAB1/pc.vhd Line: 21
    Warning (13035): Inserted always-enabled tri-state buffer between "output1[5]" and its non-tri-state driver. File: C:/Users/anike/OneDrive/Desktop/LAB1/pc.vhd Line: 21
    Warning (13035): Inserted always-enabled tri-state buffer between "output1[6]" and its non-tri-state driver. File: C:/Users/anike/OneDrive/Desktop/LAB1/pc.vhd Line: 21
    Warning (13035): Inserted always-enabled tri-state buffer between "output1[7]" and its non-tri-state driver. File: C:/Users/anike/OneDrive/Desktop/LAB1/pc.vhd Line: 21
    Warning (13035): Inserted always-enabled tri-state buffer between "output1[8]" and its non-tri-state driver. File: C:/Users/anike/OneDrive/Desktop/LAB1/pc.vhd Line: 21
    Warning (13035): Inserted always-enabled tri-state buffer between "output1[9]" and its non-tri-state driver. File: C:/Users/anike/OneDrive/Desktop/LAB1/pc.vhd Line: 21
    Warning (13035): Inserted always-enabled tri-state buffer between "output1[10]" and its non-tri-state driver. File: C:/Users/anike/OneDrive/Desktop/LAB1/pc.vhd Line: 21
    Warning (13035): Inserted always-enabled tri-state buffer between "output1[11]" and its non-tri-state driver. File: C:/Users/anike/OneDrive/Desktop/LAB1/pc.vhd Line: 21
    Warning (13035): Inserted always-enabled tri-state buffer between "output1[12]" and its non-tri-state driver. File: C:/Users/anike/OneDrive/Desktop/LAB1/pc.vhd Line: 21
    Warning (13035): Inserted always-enabled tri-state buffer between "output1[13]" and its non-tri-state driver. File: C:/Users/anike/OneDrive/Desktop/LAB1/pc.vhd Line: 21
    Warning (13035): Inserted always-enabled tri-state buffer between "output1[14]" and its non-tri-state driver. File: C:/Users/anike/OneDrive/Desktop/LAB1/pc.vhd Line: 21
    Warning (13035): Inserted always-enabled tri-state buffer between "output1[15]" and its non-tri-state driver. File: C:/Users/anike/OneDrive/Desktop/LAB1/pc.vhd Line: 21
    Warning (13035): Inserted always-enabled tri-state buffer between "output1[16]" and its non-tri-state driver. File: C:/Users/anike/OneDrive/Desktop/LAB1/pc.vhd Line: 21
    Warning (13035): Inserted always-enabled tri-state buffer between "output1[17]" and its non-tri-state driver. File: C:/Users/anike/OneDrive/Desktop/LAB1/pc.vhd Line: 21
    Warning (13035): Inserted always-enabled tri-state buffer between "output1[18]" and its non-tri-state driver. File: C:/Users/anike/OneDrive/Desktop/LAB1/pc.vhd Line: 21
    Warning (13035): Inserted always-enabled tri-state buffer between "output1[19]" and its non-tri-state driver. File: C:/Users/anike/OneDrive/Desktop/LAB1/pc.vhd Line: 21
    Warning (13035): Inserted always-enabled tri-state buffer between "output1[20]" and its non-tri-state driver. File: C:/Users/anike/OneDrive/Desktop/LAB1/pc.vhd Line: 21
    Warning (13035): Inserted always-enabled tri-state buffer between "output1[21]" and its non-tri-state driver. File: C:/Users/anike/OneDrive/Desktop/LAB1/pc.vhd Line: 21
    Warning (13035): Inserted always-enabled tri-state buffer between "output1[22]" and its non-tri-state driver. File: C:/Users/anike/OneDrive/Desktop/LAB1/pc.vhd Line: 21
    Warning (13035): Inserted always-enabled tri-state buffer between "output1[23]" and its non-tri-state driver. File: C:/Users/anike/OneDrive/Desktop/LAB1/pc.vhd Line: 21
    Warning (13035): Inserted always-enabled tri-state buffer between "output1[24]" and its non-tri-state driver. File: C:/Users/anike/OneDrive/Desktop/LAB1/pc.vhd Line: 21
    Warning (13035): Inserted always-enabled tri-state buffer between "output1[25]" and its non-tri-state driver. File: C:/Users/anike/OneDrive/Desktop/LAB1/pc.vhd Line: 21
    Warning (13035): Inserted always-enabled tri-state buffer between "output1[26]" and its non-tri-state driver. File: C:/Users/anike/OneDrive/Desktop/LAB1/pc.vhd Line: 21
    Warning (13035): Inserted always-enabled tri-state buffer between "output1[27]" and its non-tri-state driver. File: C:/Users/anike/OneDrive/Desktop/LAB1/pc.vhd Line: 21
    Warning (13035): Inserted always-enabled tri-state buffer between "output1[28]" and its non-tri-state driver. File: C:/Users/anike/OneDrive/Desktop/LAB1/pc.vhd Line: 21
    Warning (13035): Inserted always-enabled tri-state buffer between "output1[29]" and its non-tri-state driver. File: C:/Users/anike/OneDrive/Desktop/LAB1/pc.vhd Line: 21
    Warning (13035): Inserted always-enabled tri-state buffer between "output1[30]" and its non-tri-state driver. File: C:/Users/anike/OneDrive/Desktop/LAB1/pc.vhd Line: 21
    Warning (13035): Inserted always-enabled tri-state buffer between "output1[31]" and its non-tri-state driver. File: C:/Users/anike/OneDrive/Desktop/LAB1/pc.vhd Line: 21
Info (13060): One or more bidirectional pins are fed by always enabled tri-state buffers
    Info (13061): Fan-out of permanently enabled tri-state buffer feeding bidirectional pin "output1[0]" is moved to its source File: C:/Users/anike/OneDrive/Desktop/LAB1/pc.vhd Line: 21
    Info (13061): Fan-out of permanently enabled tri-state buffer feeding bidirectional pin "output1[1]" is moved to its source File: C:/Users/anike/OneDrive/Desktop/LAB1/pc.vhd Line: 21
    Info (13061): Fan-out of permanently enabled tri-state buffer feeding bidirectional pin "output1[2]" is moved to its source File: C:/Users/anike/OneDrive/Desktop/LAB1/pc.vhd Line: 21
    Info (13061): Fan-out of permanently enabled tri-state buffer feeding bidirectional pin "output1[3]" is moved to its source File: C:/Users/anike/OneDrive/Desktop/LAB1/pc.vhd Line: 21
    Info (13061): Fan-out of permanently enabled tri-state buffer feeding bidirectional pin "output1[4]" is moved to its source File: C:/Users/anike/OneDrive/Desktop/LAB1/pc.vhd Line: 21
    Info (13061): Fan-out of permanently enabled tri-state buffer feeding bidirectional pin "output1[5]" is moved to its source File: C:/Users/anike/OneDrive/Desktop/LAB1/pc.vhd Line: 21
    Info (13061): Fan-out of permanently enabled tri-state buffer feeding bidirectional pin "output1[6]" is moved to its source File: C:/Users/anike/OneDrive/Desktop/LAB1/pc.vhd Line: 21
    Info (13061): Fan-out of permanently enabled tri-state buffer feeding bidirectional pin "output1[7]" is moved to its source File: C:/Users/anike/OneDrive/Desktop/LAB1/pc.vhd Line: 21
    Info (13061): Fan-out of permanently enabled tri-state buffer feeding bidirectional pin "output1[8]" is moved to its source File: C:/Users/anike/OneDrive/Desktop/LAB1/pc.vhd Line: 21
    Info (13061): Fan-out of permanently enabled tri-state buffer feeding bidirectional pin "output1[9]" is moved to its source File: C:/Users/anike/OneDrive/Desktop/LAB1/pc.vhd Line: 21
    Info (13061): Fan-out of permanently enabled tri-state buffer feeding bidirectional pin "output1[10]" is moved to its source File: C:/Users/anike/OneDrive/Desktop/LAB1/pc.vhd Line: 21
    Info (13061): Fan-out of permanently enabled tri-state buffer feeding bidirectional pin "output1[11]" is moved to its source File: C:/Users/anike/OneDrive/Desktop/LAB1/pc.vhd Line: 21
    Info (13061): Fan-out of permanently enabled tri-state buffer feeding bidirectional pin "output1[12]" is moved to its source File: C:/Users/anike/OneDrive/Desktop/LAB1/pc.vhd Line: 21
    Info (13061): Fan-out of permanently enabled tri-state buffer feeding bidirectional pin "output1[13]" is moved to its source File: C:/Users/anike/OneDrive/Desktop/LAB1/pc.vhd Line: 21
    Info (13061): Fan-out of permanently enabled tri-state buffer feeding bidirectional pin "output1[14]" is moved to its source File: C:/Users/anike/OneDrive/Desktop/LAB1/pc.vhd Line: 21
    Info (13061): Fan-out of permanently enabled tri-state buffer feeding bidirectional pin "output1[15]" is moved to its source File: C:/Users/anike/OneDrive/Desktop/LAB1/pc.vhd Line: 21
    Info (13061): Fan-out of permanently enabled tri-state buffer feeding bidirectional pin "output1[16]" is moved to its source File: C:/Users/anike/OneDrive/Desktop/LAB1/pc.vhd Line: 21
    Info (13061): Fan-out of permanently enabled tri-state buffer feeding bidirectional pin "output1[17]" is moved to its source File: C:/Users/anike/OneDrive/Desktop/LAB1/pc.vhd Line: 21
    Info (13061): Fan-out of permanently enabled tri-state buffer feeding bidirectional pin "output1[18]" is moved to its source File: C:/Users/anike/OneDrive/Desktop/LAB1/pc.vhd Line: 21
    Info (13061): Fan-out of permanently enabled tri-state buffer feeding bidirectional pin "output1[19]" is moved to its source File: C:/Users/anike/OneDrive/Desktop/LAB1/pc.vhd Line: 21
    Info (13061): Fan-out of permanently enabled tri-state buffer feeding bidirectional pin "output1[20]" is moved to its source File: C:/Users/anike/OneDrive/Desktop/LAB1/pc.vhd Line: 21
    Info (13061): Fan-out of permanently enabled tri-state buffer feeding bidirectional pin "output1[21]" is moved to its source File: C:/Users/anike/OneDrive/Desktop/LAB1/pc.vhd Line: 21
    Info (13061): Fan-out of permanently enabled tri-state buffer feeding bidirectional pin "output1[22]" is moved to its source File: C:/Users/anike/OneDrive/Desktop/LAB1/pc.vhd Line: 21
    Info (13061): Fan-out of permanently enabled tri-state buffer feeding bidirectional pin "output1[23]" is moved to its source File: C:/Users/anike/OneDrive/Desktop/LAB1/pc.vhd Line: 21
    Info (13061): Fan-out of permanently enabled tri-state buffer feeding bidirectional pin "output1[24]" is moved to its source File: C:/Users/anike/OneDrive/Desktop/LAB1/pc.vhd Line: 21
    Info (13061): Fan-out of permanently enabled tri-state buffer feeding bidirectional pin "output1[25]" is moved to its source File: C:/Users/anike/OneDrive/Desktop/LAB1/pc.vhd Line: 21
    Info (13061): Fan-out of permanently enabled tri-state buffer feeding bidirectional pin "output1[26]" is moved to its source File: C:/Users/anike/OneDrive/Desktop/LAB1/pc.vhd Line: 21
    Info (13061): Fan-out of permanently enabled tri-state buffer feeding bidirectional pin "output1[27]" is moved to its source File: C:/Users/anike/OneDrive/Desktop/LAB1/pc.vhd Line: 21
    Info (13061): Fan-out of permanently enabled tri-state buffer feeding bidirectional pin "output1[28]" is moved to its source File: C:/Users/anike/OneDrive/Desktop/LAB1/pc.vhd Line: 21
    Info (13061): Fan-out of permanently enabled tri-state buffer feeding bidirectional pin "output1[29]" is moved to its source File: C:/Users/anike/OneDrive/Desktop/LAB1/pc.vhd Line: 21
    Info (13061): Fan-out of permanently enabled tri-state buffer feeding bidirectional pin "output1[30]" is moved to its source File: C:/Users/anike/OneDrive/Desktop/LAB1/pc.vhd Line: 21
    Info (13061): Fan-out of permanently enabled tri-state buffer feeding bidirectional pin "output1[31]" is moved to its source File: C:/Users/anike/OneDrive/Desktop/LAB1/pc.vhd Line: 21
Warning (13009): TRI or OPNDRN buffers permanently enabled
    Warning (13010): Node "output1[0]~synth" File: C:/Users/anike/OneDrive/Desktop/LAB1/pc.vhd Line: 21
    Warning (13010): Node "output1[1]~synth" File: C:/Users/anike/OneDrive/Desktop/LAB1/pc.vhd Line: 21
    Warning (13010): Node "output1[2]~synth" File: C:/Users/anike/OneDrive/Desktop/LAB1/pc.vhd Line: 21
    Warning (13010): Node "output1[3]~synth" File: C:/Users/anike/OneDrive/Desktop/LAB1/pc.vhd Line: 21
    Warning (13010): Node "output1[4]~synth" File: C:/Users/anike/OneDrive/Desktop/LAB1/pc.vhd Line: 21
    Warning (13010): Node "output1[5]~synth" File: C:/Users/anike/OneDrive/Desktop/LAB1/pc.vhd Line: 21
    Warning (13010): Node "output1[6]~synth" File: C:/Users/anike/OneDrive/Desktop/LAB1/pc.vhd Line: 21
    Warning (13010): Node "output1[7]~synth" File: C:/Users/anike/OneDrive/Desktop/LAB1/pc.vhd Line: 21
    Warning (13010): Node "output1[8]~synth" File: C:/Users/anike/OneDrive/Desktop/LAB1/pc.vhd Line: 21
    Warning (13010): Node "output1[9]~synth" File: C:/Users/anike/OneDrive/Desktop/LAB1/pc.vhd Line: 21
    Warning (13010): Node "output1[10]~synth" File: C:/Users/anike/OneDrive/Desktop/LAB1/pc.vhd Line: 21
    Warning (13010): Node "output1[11]~synth" File: C:/Users/anike/OneDrive/Desktop/LAB1/pc.vhd Line: 21
    Warning (13010): Node "output1[12]~synth" File: C:/Users/anike/OneDrive/Desktop/LAB1/pc.vhd Line: 21
    Warning (13010): Node "output1[13]~synth" File: C:/Users/anike/OneDrive/Desktop/LAB1/pc.vhd Line: 21
    Warning (13010): Node "output1[14]~synth" File: C:/Users/anike/OneDrive/Desktop/LAB1/pc.vhd Line: 21
    Warning (13010): Node "output1[15]~synth" File: C:/Users/anike/OneDrive/Desktop/LAB1/pc.vhd Line: 21
    Warning (13010): Node "output1[16]~synth" File: C:/Users/anike/OneDrive/Desktop/LAB1/pc.vhd Line: 21
    Warning (13010): Node "output1[17]~synth" File: C:/Users/anike/OneDrive/Desktop/LAB1/pc.vhd Line: 21
    Warning (13010): Node "output1[18]~synth" File: C:/Users/anike/OneDrive/Desktop/LAB1/pc.vhd Line: 21
    Warning (13010): Node "output1[19]~synth" File: C:/Users/anike/OneDrive/Desktop/LAB1/pc.vhd Line: 21
    Warning (13010): Node "output1[20]~synth" File: C:/Users/anike/OneDrive/Desktop/LAB1/pc.vhd Line: 21
    Warning (13010): Node "output1[21]~synth" File: C:/Users/anike/OneDrive/Desktop/LAB1/pc.vhd Line: 21
    Warning (13010): Node "output1[22]~synth" File: C:/Users/anike/OneDrive/Desktop/LAB1/pc.vhd Line: 21
    Warning (13010): Node "output1[23]~synth" File: C:/Users/anike/OneDrive/Desktop/LAB1/pc.vhd Line: 21
    Warning (13010): Node "output1[24]~synth" File: C:/Users/anike/OneDrive/Desktop/LAB1/pc.vhd Line: 21
    Warning (13010): Node "output1[25]~synth" File: C:/Users/anike/OneDrive/Desktop/LAB1/pc.vhd Line: 21
    Warning (13010): Node "output1[26]~synth" File: C:/Users/anike/OneDrive/Desktop/LAB1/pc.vhd Line: 21
    Warning (13010): Node "output1[27]~synth" File: C:/Users/anike/OneDrive/Desktop/LAB1/pc.vhd Line: 21
    Warning (13010): Node "output1[28]~synth" File: C:/Users/anike/OneDrive/Desktop/LAB1/pc.vhd Line: 21
    Warning (13010): Node "output1[29]~synth" File: C:/Users/anike/OneDrive/Desktop/LAB1/pc.vhd Line: 21
    Warning (13010): Node "output1[30]~synth" File: C:/Users/anike/OneDrive/Desktop/LAB1/pc.vhd Line: 21
    Warning (13010): Node "output1[31]~synth" File: C:/Users/anike/OneDrive/Desktop/LAB1/pc.vhd Line: 21
Info (286030): Timing-Driven Synthesis is running
Info (16010): Generating hard_block partition "hard_block:auto_generated_inst"
    Info (16011): Adding 0 node(s), including 0 DDIO, 0 PLL, 0 transceiver and 0 LCELL
Info (21057): Implemented 130 device resources after synthesis - the final resource count might be different
    Info (21058): Implemented 36 input pins
    Info (21059): Implemented 0 output pins
    Info (21060): Implemented 32 bidirectional pins
    Info (21061): Implemented 62 logic cells
Info: Quartus Prime Analysis & Synthesis was successful. 0 errors, 66 warnings
    Info: Peak virtual memory: 5032 megabytes
    Info: Processing ended: Wed Aug 25 22:10:36 2021
    Info: Elapsed time: 00:00:10
    Info: Total CPU time (on all processors): 00:00:20


